[2026-07-24 09:45:42] [INFO] === Linux System Optimizer iniciado ===
[2026-07-24 09:45:42] [INFO] Autor: Ricardo Rosero <rrosero2000@gmail.com>
[2026-07-24 09:45:42] [INFO] GitHub: https://github.com/rr-n4p5t3r
[2026-07-24 09:45:42] [INFO] PID: 33002 | Usuario: n4p5t3r | Fecha: vie 24 jul 2026 09:45:42 -05
[2026-07-24 09:45:42] [INFO] Directorio base: /home/n4p5t3r/linux-system-optimizer
[2026-07-24 09:45:42] [DEBUG] Logs antiguos rotados (>30 días)
[2026-07-24 09:45:42] [INFO] Detectando sistema...
[2026-07-24 09:45:42] [INFO] Distribución detectada: Linux Mint (mint 22.3)
[2026-07-24 09:45:42] [INFO] Escritorio detectado: kde
[2026-07-24 09:45:42] [INFO] Gestor de paquetes: apt
[2026-07-24 09:45:42] [INFO] CPU: AMD Ryzen 3 3250U with Radeon Graphics | Cores: 4 | Threads: 4
[2026-07-24 09:45:42] [INFO] RAM Total: 13.56GiB | Disponible: 4.82GiB
[2026-07-24 09:45:42] [INFO] GPU: Advanced Micro Devices, Inc. [AMD/ATI] Picasso/Raven 2 [Radeon Vega Series / Radeon Vega Mobile Series] (rev c4)
[2026-07-24 09:45:42] [INFO] Tipo de disco raíz: NVMe
[2026-07-24 09:45:42] [INFO] Navegadores detectados: firefox google-chrome brave-browser
[2026-07-24 09:45:42] [INFO] IDEs detectados: code kate
[2026-07-24 09:45:42] [INFO] Lenguajes detectados: python3 node nodejs php gcc g++ clang
[2026-07-24 09:45:42] [INFO] Contenedores detectados: docker
[2026-07-24 09:45:42] [INFO] Virtualización: none
[2026-07-24 09:45:42] [INFO] Es laptop: true
[2026-07-24 09:45:42] [INFO] Total plugins cargados: 0
[2026-07-24 09:45:42] [INFO] Configuración cargada desde: /home/n4p5t3r/linux-system-optimizer/config/settings.conf
[2026-07-24 09:45:42] [INFO] Iniciando módulo: analyzer
[2026-07-24 09:45:42] [INFO] Reporte guardado en: /home/n4p5t3r/linux-system-optimizer/reports/analysis-20260724-094542.txt
[2026-07-24 09:45:42] [SUCCESS] Módulo completado: analyzer
[2026-07-24 09:45:42] [INFO] === Linux System Optimizer finalizado ===
