[2026-07-24 09:43:57] [INFO] === Linux System Optimizer iniciado ===
[2026-07-24 09:43:57] [INFO] Autor: Ricardo Rosero <rrosero2000@gmail.com>
[2026-07-24 09:43:57] [INFO] GitHub: https://github.com/rr-n4p5t3r
[2026-07-24 09:43:57] [INFO] PID: 29512 | Usuario: n4p5t3r | Fecha: vie 24 jul 2026 09:43:57 -05
[2026-07-24 09:43:57] [INFO] Directorio base: /home/n4p5t3r/linux-system-optimizer
[2026-07-24 09:43:57] [DEBUG] Logs antiguos rotados (>30 días)
[2026-07-24 09:43:57] [INFO] Detectando sistema...
[2026-07-24 09:43:57] [INFO] Distribución detectada: Linux Mint (mint 22.3)
[2026-07-24 09:43:57] [INFO] Escritorio detectado: kde
[2026-07-24 09:43:57] [INFO] Gestor de paquetes: apt
[2026-07-24 09:43:57] [INFO] CPU: AMD Ryzen 3 3250U with Radeon Graphics | Cores: 4 | Threads: 4
[2026-07-24 09:43:57] [INFO] RAM Total: 13.56GiB | Disponible: 4.85GiB
[2026-07-24 09:43:57] [INFO] GPU: Advanced Micro Devices, Inc. [AMD/ATI] Picasso/Raven 2 [Radeon Vega Series / Radeon Vega Mobile Series] (rev c4)
[2026-07-24 09:43:57] [INFO] Tipo de disco raíz: NVMe
[2026-07-24 09:43:57] [INFO] Navegadores detectados: firefox google-chrome brave-browser
[2026-07-24 09:43:57] [INFO] IDEs detectados: code kate
[2026-07-24 09:43:57] [INFO] Lenguajes detectados: python3 node nodejs php gcc g++ clang
[2026-07-24 09:43:57] [INFO] Contenedores detectados: docker
[2026-07-24 09:43:57] [INFO] Virtualización: none
none
[2026-07-24 09:43:57] [INFO] Es laptop: true
[2026-07-24 09:43:57] [INFO] Total plugins cargados: 0
[2026-07-24 09:43:57] [INFO] Configuración cargada desde: /home/n4p5t3r/linux-system-optimizer/config/settings.conf
[2026-07-24 09:43:57] [INFO] Perfil cargado: laptop
[2026-07-24 09:43:57] [INFO] Iniciando módulo: analyzer
[2026-07-24 09:43:57] [INFO] Reporte guardado en: /home/n4p5t3r/linux-system-optimizer/reports/analysis-20260724-094357.txt
[2026-07-24 09:43:57] [SUCCESS] Módulo completado: analyzer
[2026-07-24 09:43:57] [INFO] Iniciando módulo: memory_optimizer
[2026-07-24 09:43:57] [SUCCESS] Módulo completado: memory_optimizer
[2026-07-24 09:43:57] [INFO] Iniciando módulo: cpu_optimizer
[2026-07-24 09:43:57] [WARN] Considera agregar 'noatime' a tus particiones en /etc/fstab
[2026-07-24 09:43:57] [SUCCESS] Módulo completado: cpu_optimizer
[2026-07-24 09:43:57] [INFO] Iniciando módulo: process_manager
[2026-07-24 09:43:57] [SUCCESS] Módulo completado: process_manager
[2026-07-24 09:43:57] [INFO] Iniciando módulo: service_manager
[2026-07-24 09:43:58] [SUCCESS] Módulo completado: service_manager
[2026-07-24 09:43:58] [INFO] Iniciando módulo: desktop_optimizer
[2026-07-24 09:43:58] [INFO] Cargando optimizaciones para: kde
[2026-07-24 09:43:58] [SUCCESS] Módulo completado: desktop_optimizer
[2026-07-24 09:43:58] [INFO] Iniciando módulo: browser_optimizer
[2026-07-24 09:43:58] [SUCCESS] Módulo completado: browser_optimizer
[2026-07-24 09:43:58] [INFO] Iniciando módulo: cache_cleaner
[2026-07-24 09:44:00] [SUCCESS] Módulo completado: cache_cleaner
[2026-07-24 09:44:00] [INFO] Iniciando módulo: swap
[2026-07-24 09:44:00] [SUCCESS] Módulo completado: swap
[2026-07-24 09:44:00] [INFO] Iniciando módulo: report
[2026-07-24 09:44:00] [SUCCESS] Reporte HTML generado: /home/n4p5t3r/linux-system-optimizer/reports/lso-report-20260724-094400.html
[2026-07-24 09:44:00] [SUCCESS] Reporte TXT generado: /home/n4p5t3r/linux-system-optimizer/reports/lso-report-20260724-094400.txt
[2026-07-24 09:44:00] [SUCCESS] Módulo completado: report
[2026-07-24 09:44:00] [INFO] === Linux System Optimizer finalizado ===
