[2026-07-24 10:16:16] [INFO] === Linux System Optimizer iniciado ===
[2026-07-24 10:16:16] [INFO] Autor: Ricardo Rosero <rrosero2000@gmail.com>
[2026-07-24 10:16:16] [INFO] GitHub: https://github.com/rr-n4p5t3r
[2026-07-24 10:16:16] [INFO] PID: 65688 | Usuario: n4p5t3r | Fecha: vie 24 jul 2026 10:16:16 -05
[2026-07-24 10:16:16] [INFO] Directorio base: /home/n4p5t3r/linux-system-optimizer
[2026-07-24 10:16:16] [DEBUG] Logs antiguos rotados (>30 días)
[2026-07-24 10:16:16] [INFO] Detectando sistema...
[2026-07-24 10:16:16] [INFO] Distribución detectada: Linux Mint (mint 22.3)
[2026-07-24 10:16:16] [INFO] Escritorio detectado: kde
[2026-07-24 10:16:16] [INFO] Gestor de paquetes: apt
[2026-07-24 10:16:16] [INFO] CPU: AMD Ryzen 3 3250U with Radeon Graphics | Cores: 4 | Threads: 4
[2026-07-24 10:16:16] [INFO] RAM Total: 13.56GiB | Disponible: 2.70GiB
[2026-07-24 10:16:16] [INFO] GPU: Advanced Micro Devices, Inc. [AMD/ATI] Picasso/Raven 2 [Radeon Vega Series / Radeon Vega Mobile Series] (rev c4)
[2026-07-24 10:16:16] [INFO] Tipo de disco raíz: NVMe
[2026-07-24 10:16:16] [INFO] Navegadores detectados: firefox google-chrome brave-browser
[2026-07-24 10:16:16] [INFO] IDEs detectados: code kate
[2026-07-24 10:16:16] [INFO] Lenguajes detectados: python3 node nodejs php gcc g++ clang
[2026-07-24 10:16:16] [INFO] Contenedores detectados: docker
[2026-07-24 10:16:16] [INFO] Virtualización: none
[2026-07-24 10:16:16] [INFO] Es laptop: true
[2026-07-24 10:16:16] [INFO] Total plugins cargados: 0
[2026-07-24 10:16:16] [INFO] Configuración cargada desde: /home/n4p5t3r/linux-system-optimizer/config/settings.conf
[2026-07-24 10:16:16] [INFO] Evaluando reglas: browser.rules
[2026-07-24 10:16:16] [INFO] Regla activada: browser == firefox -> optimize_firefox
[2026-07-24 10:16:16] [INFO] Iniciando módulo: browser_optimizer
[2026-07-24 10:16:16] [SUCCESS] Módulo completado: browser_optimizer
[2026-07-24 10:16:17] [INFO] Regla activada: browser_cache > 1GB -> clean_browser_cache
[2026-07-24 10:16:17] [INFO] Iniciando módulo: cache_cleaner
[2026-07-24 10:16:19] [SUCCESS] Módulo completado: cache_cleaner
[2026-07-24 10:16:19] [INFO] Evaluando reglas: cpu.rules
[2026-07-24 10:16:19] [INFO] Regla activada: cpu_usage > 90 -> optimize_processes
[2026-07-24 10:16:19] [INFO] Iniciando módulo: process_manager
[2026-07-24 10:16:19] [SUCCESS] Módulo completado: process_manager
[2026-07-24 10:16:20] [INFO] Evaluando reglas: desktop.rules
[2026-07-24 10:16:20] [INFO] Regla activada: desktop == kde -> optimize_kde
[2026-07-24 10:16:20] [INFO] Evaluando reglas: distro.rules
[2026-07-24 10:16:20] [INFO] Regla activada: distro == mint -> optimize_mint
[2026-07-24 10:16:20] [INFO] Timeshift detectado — sistema de snapshots activo
[2026-07-24 10:16:20] [INFO] Evaluando reglas: memory.rules
[2026-07-24 10:16:20] [INFO] === Linux System Optimizer finalizado ===
