[2026-07-24 10:14:19] [INFO] === Linux System Optimizer iniciado ===
[2026-07-24 10:14:19] [INFO] Autor: Ricardo Rosero <rrosero2000@gmail.com>
[2026-07-24 10:14:19] [INFO] GitHub: https://github.com/rr-n4p5t3r
[2026-07-24 10:14:19] [INFO] PID: 57164 | Usuario: n4p5t3r | Fecha: vie 24 jul 2026 10:14:19 -05
[2026-07-24 10:14:19] [INFO] Directorio base: /home/n4p5t3r/linux-system-optimizer
[2026-07-24 10:14:19] [DEBUG] Logs antiguos rotados (>30 días)
[2026-07-24 10:14:19] [INFO] Detectando sistema...
[2026-07-24 10:14:19] [INFO] Distribución detectada: Linux Mint (mint 22.3)
[2026-07-24 10:14:19] [INFO] Escritorio detectado: kde
[2026-07-24 10:14:19] [INFO] Gestor de paquetes: apt
[2026-07-24 10:14:19] [INFO] CPU: AMD Ryzen 3 3250U with Radeon Graphics | Cores: 4 | Threads: 4
[2026-07-24 10:14:19] [INFO] RAM Total: 13.56GiB | Disponible: 2.69GiB
[2026-07-24 10:14:19] [INFO] GPU: Advanced Micro Devices, Inc. [AMD/ATI] Picasso/Raven 2 [Radeon Vega Series / Radeon Vega Mobile Series] (rev c4)
[2026-07-24 10:14:19] [INFO] Tipo de disco raíz: NVMe
[2026-07-24 10:14:19] [INFO] Navegadores detectados: firefox google-chrome brave-browser
[2026-07-24 10:14:19] [INFO] IDEs detectados: code kate
[2026-07-24 10:14:19] [INFO] Lenguajes detectados: python3 node nodejs php gcc g++ clang
[2026-07-24 10:14:19] [INFO] Contenedores detectados: docker
[2026-07-24 10:14:19] [INFO] Virtualización: none
[2026-07-24 10:14:19] [INFO] Es laptop: true
[2026-07-24 10:14:19] [INFO] Total plugins cargados: 0
[2026-07-24 10:14:19] [INFO] Configuración cargada desde: /home/n4p5t3r/linux-system-optimizer/config/settings.conf
[2026-07-24 10:14:19] [INFO] Perfil cargado: desktop
[2026-07-24 10:14:19] [INFO] Iniciando módulo: analyzer
[2026-07-24 10:14:19] [INFO] Reporte guardado en: /home/n4p5t3r/linux-system-optimizer/reports/analysis-20260724-101419.txt
[2026-07-24 10:14:19] [SUCCESS] Módulo completado: analyzer
[2026-07-24 10:14:19] [INFO] Iniciando módulo: memory_optimizer
[2026-07-24 10:14:19] [SUCCESS] Módulo completado: memory_optimizer
[2026-07-24 10:14:19] [INFO] Iniciando módulo: cpu_optimizer
[2026-07-24 10:14:19] [WARN] Considera agregar 'noatime' a tus particiones en /etc/fstab
[2026-07-24 10:14:19] [SUCCESS] Módulo completado: cpu_optimizer
[2026-07-24 10:14:19] [INFO] Iniciando módulo: process_manager
[2026-07-24 10:14:20] [SUCCESS] Módulo completado: process_manager
[2026-07-24 10:14:20] [INFO] Iniciando módulo: service_manager
[2026-07-24 10:14:21] [SUCCESS] Módulo completado: service_manager
[2026-07-24 10:14:21] [INFO] Iniciando módulo: startup_manager
[2026-07-24 10:14:21] [SUCCESS] Módulo completado: startup_manager
[2026-07-24 10:14:21] [INFO] Iniciando módulo: desktop_optimizer
[2026-07-24 10:14:21] [INFO] Cargando optimizaciones para: kde
[2026-07-24 10:14:21] [SUCCESS] Módulo completado: desktop_optimizer
[2026-07-24 10:14:21] [INFO] Iniciando módulo: browser_optimizer
[2026-07-24 10:14:21] [SUCCESS] Módulo completado: browser_optimizer
[2026-07-24 10:14:21] [INFO] Iniciando módulo: cache_cleaner
[2026-07-24 10:14:22] [SUCCESS] Módulo completado: cache_cleaner
[2026-07-24 10:14:22] [INFO] Iniciando módulo: package_optimizer
[2026-07-24 10:14:22] [SUCCESS] Módulo completado: package_optimizer
[2026-07-24 10:14:22] [INFO] Evaluando reglas: browser.rules
[2026-07-24 10:14:22] [INFO] Regla activada: browser == firefox -> optimize_firefox
[2026-07-24 10:14:22] [INFO] Iniciando módulo: browser_optimizer
[2026-07-24 10:14:22] [SUCCESS] Módulo completado: browser_optimizer
[2026-07-24 10:14:23] [INFO] Regla activada: browser_cache > 1GB -> clean_browser_cache
[2026-07-24 10:14:23] [INFO] Iniciando módulo: cache_cleaner
[2026-07-24 10:14:25] [SUCCESS] Módulo completado: cache_cleaner
[2026-07-24 10:14:25] [INFO] Evaluando reglas: cpu.rules
[2026-07-24 10:14:25] [INFO] Evaluando reglas: desktop.rules
[2026-07-24 10:14:25] [INFO] Regla activada: desktop == kde -> optimize_kde
[2026-07-24 10:14:25] [INFO] Evaluando reglas: distro.rules
[2026-07-24 10:14:25] [INFO] Regla activada: distro == mint -> optimize_mint
[2026-07-24 10:14:25] [INFO] Timeshift detectado — sistema de snapshots activo
[2026-07-24 10:14:26] [INFO] Evaluando reglas: memory.rules
[2026-07-24 10:14:26] [INFO] Iniciando módulo: report
[2026-07-24 10:14:26] [SUCCESS] Reporte HTML generado: /home/n4p5t3r/linux-system-optimizer/reports/lso-report-20260724-101426.html
[2026-07-24 10:14:26] [SUCCESS] Reporte TXT generado: /home/n4p5t3r/linux-system-optimizer/reports/lso-report-20260724-101426.txt
[2026-07-24 10:14:26] [SUCCESS] Módulo completado: report
[2026-07-24 10:14:26] [INFO] === Linux System Optimizer finalizado ===
