[2026-07-24 09:44:53] [INFO] === Linux System Optimizer iniciado ===
[2026-07-24 09:44:53] [INFO] Autor: Ricardo Rosero <rrosero2000@gmail.com>
[2026-07-24 09:44:53] [INFO] GitHub: https://github.com/rr-n4p5t3r
[2026-07-24 09:44:53] [INFO] PID: 31627 | Usuario: n4p5t3r | Fecha: vie 24 jul 2026 09:44:53 -05
[2026-07-24 09:44:53] [INFO] Directorio base: /home/n4p5t3r/linux-system-optimizer
[2026-07-24 09:44:53] [DEBUG] Logs antiguos rotados (>30 días)
[2026-07-24 09:44:53] [INFO] Detectando sistema...
[2026-07-24 09:44:53] [INFO] Distribución detectada: Linux Mint (mint 22.3)
[2026-07-24 09:44:53] [INFO] Escritorio detectado: kde
[2026-07-24 09:44:53] [INFO] Gestor de paquetes: apt
[2026-07-24 09:44:53] [INFO] CPU: AMD Ryzen 3 3250U with Radeon Graphics | Cores: 4 | Threads: 4
[2026-07-24 09:44:53] [INFO] RAM Total: 13.56GiB | Disponible: 4.87GiB
[2026-07-24 09:44:53] [INFO] GPU: Advanced Micro Devices, Inc. [AMD/ATI] Picasso/Raven 2 [Radeon Vega Series / Radeon Vega Mobile Series] (rev c4)
[2026-07-24 09:44:53] [INFO] Tipo de disco raíz: NVMe
[2026-07-24 09:44:53] [INFO] Navegadores detectados: firefox google-chrome brave-browser
[2026-07-24 09:44:53] [INFO] IDEs detectados: code kate
[2026-07-24 09:44:54] [INFO] Lenguajes detectados: python3 node nodejs php gcc g++ clang
[2026-07-24 09:44:54] [INFO] Contenedores detectados: docker
[2026-07-24 09:44:54] [INFO] Virtualización: none
none
[2026-07-24 09:44:54] [INFO] Es laptop: true
[2026-07-24 09:44:54] [INFO] Total plugins cargados: 0
[2026-07-24 09:44:54] [INFO] Configuración cargada desde: /home/n4p5t3r/linux-system-optimizer/config/settings.conf
[2026-07-24 09:44:54] [INFO] Iniciando módulo: report
[2026-07-24 09:44:54] [SUCCESS] Reporte HTML generado: /home/n4p5t3r/linux-system-optimizer/reports/lso-report-20260724-094454.html
[2026-07-24 09:44:54] [SUCCESS] Reporte TXT generado: /home/n4p5t3r/linux-system-optimizer/reports/lso-report-20260724-094454.txt
[2026-07-24 09:44:54] [SUCCESS] Módulo completado: report
[2026-07-24 09:44:54] [INFO] === Linux System Optimizer finalizado ===
